QM9-generation
----------------------------------------------------------------------------------------------------
[QM9]   init=atom (4)   seed=42   batch_size=1024
----------------------------------------------------------------------------------------------------
(Reverse)+(Langevin): eps=0.0001 denoise=True ema=False || snr=0.2 seps=0.7 n_steps=1 
----------------------------------------------------------------------------------------------------
Adj float stats: min=-0.04707987606525421, max=3.023282051086426, mean=0.26757511496543884, nan_count=0
Quantized adjacency unique values: {0: 246, 1: 72, 2: 2, 3: 4}; dtype=int64; min=0, max=3
Sample entries (first sample):
[[0 0 0 0 0 1 0 0 3]
 [0 0 0 0 0 0 0 3 0]
 [0 0 0 0 1 0 1 1 0]
 [0 0 0 0 1 0 0 0 0]
 [0 0 1 1 0 0 0 0 0]
 [1 0 0 0 0 0 1 0 0]
 [0 0 1 0 0 1 0 0 0]
 [0 3 1 0 0 0 0 0 0]
 [3 0 0 0 0 0 0 0 0]]

Generated molecules: 4; SMILES generated: 4
Generated batch 1/1 - total graphs: 4
Saved 4 generated graphs to samples\QM9\gdss_qm9_training\QM9-generation_gdss_qm9_training_best_epoch_802_4.pkl
Saved 4 SMILES to file.
